// Jest Snapshot v1, https://goo.gl/fbAQLP

exports[`<EmptySearch /> should render without crashing 1`] = `null`;
