// Jest Snapshot v1, https://goo.gl/fbAQLP

exports[`actions object actions triggered and state updated 1`] = `null`;
